C:/TouchGFXProjects/Project_IOT_TEST2/Core/Src/main.c:891:6:StartDefaultTask	8	static
C:/TouchGFXProjects/Project_IOT_TEST2/Core/Src/main.c:135:1:__io_putchar	16	static
C:/TouchGFXProjects/Project_IOT_TEST2/Core/Src/main.c:141:1:__io_getchar	16	static
C:/TouchGFXProjects/Project_IOT_TEST2/Core/Src/main.c:155:7:ADC_to_Celsius	8	static
C:/TouchGFXProjects/Project_IOT_TEST2/Core/Src/main.c:338:6:SystemClock_Config	88	static
C:/TouchGFXProjects/Project_IOT_TEST2/Core/Src/main.c:179:5:main	192	static,ignoring_inline_asm
C:/TouchGFXProjects/Project_IOT_TEST2/Core/Src/main.c:948:6:HAL_TIM_PeriodElapsedCallback	0	static
C:/TouchGFXProjects/Project_IOT_TEST2/Core/Src/main.c:965:6:Error_Handler	0	static
