C:/TouchGFXProjects/Project_IOT_TEST2/Core/Src/stm32f7xx_hal_msp.c:65:6:HAL_MspInit	8	static
C:/TouchGFXProjects/Project_IOT_TEST2/Core/Src/stm32f7xx_hal_msp.c:89:6:HAL_ADC_MspInit	40	static
C:/TouchGFXProjects/Project_IOT_TEST2/Core/Src/stm32f7xx_hal_msp.c:125:6:HAL_ADC_MspDeInit	8	static
C:/TouchGFXProjects/Project_IOT_TEST2/Core/Src/stm32f7xx_hal_msp.c:155:6:HAL_CRC_MspInit	8	static
C:/TouchGFXProjects/Project_IOT_TEST2/Core/Src/stm32f7xx_hal_msp.c:177:6:HAL_CRC_MspDeInit	0	static
C:/TouchGFXProjects/Project_IOT_TEST2/Core/Src/stm32f7xx_hal_msp.c:199:6:HAL_DMA2D_MspInit	16	static
C:/TouchGFXProjects/Project_IOT_TEST2/Core/Src/stm32f7xx_hal_msp.c:224:6:HAL_DMA2D_MspDeInit	0	static
C:/TouchGFXProjects/Project_IOT_TEST2/Core/Src/stm32f7xx_hal_msp.c:249:6:HAL_I2C_MspInit	168	static
C:/TouchGFXProjects/Project_IOT_TEST2/Core/Src/stm32f7xx_hal_msp.c:295:6:HAL_I2C_MspDeInit	8	static
C:/TouchGFXProjects/Project_IOT_TEST2/Core/Src/stm32f7xx_hal_msp.c:326:6:HAL_LTDC_MspInit	192	static
C:/TouchGFXProjects/Project_IOT_TEST2/Core/Src/stm32f7xx_hal_msp.c:443:6:HAL_LTDC_MspDeInit	8	static
C:/TouchGFXProjects/Project_IOT_TEST2/Core/Src/stm32f7xx_hal_msp.c:512:6:HAL_QSPI_MspInit	64	static
C:/TouchGFXProjects/Project_IOT_TEST2/Core/Src/stm32f7xx_hal_msp.c:575:6:HAL_QSPI_MspDeInit	8	static
C:/TouchGFXProjects/Project_IOT_TEST2/Core/Src/stm32f7xx_hal_msp.c:612:6:HAL_UART_MspInit	192	static
C:/TouchGFXProjects/Project_IOT_TEST2/Core/Src/stm32f7xx_hal_msp.c:667:6:HAL_UART_MspDeInit	8	static
C:/TouchGFXProjects/Project_IOT_TEST2/Core/Src/stm32f7xx_hal_msp.c:800:6:HAL_SDRAM_MspInit	48	static
C:/TouchGFXProjects/Project_IOT_TEST2/Core/Src/stm32f7xx_hal_msp.c:886:6:HAL_SDRAM_MspDeInit	8	static
