../../Middlewares/ST/touchgfx/framework/include/touchgfx/Screen.hpp:104:18:virtual void touchgfx::Screen::afterTransition()	0	static
../../Middlewares/ST/touchgfx/framework/include/touchgfx/Screen.hpp:115:18:virtual void touchgfx::Screen::tearDownScreen()	0	static
../../Middlewares/ST/touchgfx/framework/include/touchgfx/Screen.hpp:144:18:virtual void touchgfx::Screen::handleTickEvent()	0	static
../../Middlewares/ST/touchgfx/framework/include/touchgfx/Screen.hpp:154:18:virtual void touchgfx::Screen::handleKeyEvent(uint8_t)	0	static
../../TouchGFX/gui/include/gui/main_screen/MainView.hpp:11:5:MainView::~MainView()	8	static
../../TouchGFX/gui/include/gui/main_screen/MainView.hpp:11:5:virtual MainView::~MainView()	8	static
C:/TouchGFXProjects/Project_IOT_TEST2/TouchGFX/gui/src/main_screen/MainView.cpp:12:1:MainView::MainView()	8	static
C:/TouchGFXProjects/Project_IOT_TEST2/TouchGFX/gui/src/main_screen/MainView.cpp:61:1:cpp)	0	static
C:/TouchGFXProjects/Project_IOT_TEST2/TouchGFX/gui/src/main_screen/MainView.cpp:61:1:cpp)	0	static
C:/TouchGFXProjects/Project_IOT_TEST2/TouchGFX/gui/src/main_screen/MainView.cpp:32:6:void MainView::updateGFXElements()	32	static
C:/TouchGFXProjects/Project_IOT_TEST2/TouchGFX/gui/src/main_screen/MainView.cpp:15:6:virtual void MainView::setupScreen()	0	static
C:/TouchGFXProjects/Project_IOT_TEST2/TouchGFX/gui/src/main_screen/MainView.cpp:20:6:virtual void MainView::increaseValue()	0	static
C:/TouchGFXProjects/Project_IOT_TEST2/TouchGFX/gui/src/main_screen/MainView.cpp:26:6:virtual void MainView::decreaseValue()	0	static
